Archive member included because of file (symbol)

/home/jacob/devkitPro/devkitARM/bin/../lib/gcc/arm-none-eabi/4.7.1/../../../../arm-none-eabi/lib/thumb/libg.a(lib_a-init.o)
                              /home/jacob/devkitPro/devkitARM/bin/../lib/gcc/arm-none-eabi/4.7.1/../../../../arm-none-eabi/lib/thumb/gba_crt0.o (__libc_init_array)
/home/jacob/devkitPro/devkitARM/bin/../lib/gcc/arm-none-eabi/4.7.1/../../../../arm-none-eabi/lib/thumb/libg.a(lib_a-memcpy-stub.o)
                              key_input.o (memcpy)
/home/jacob/devkitPro/devkitARM/bin/../lib/gcc/arm-none-eabi/4.7.1/../../../../arm-none-eabi/lib/thumb/libsysbase.a(malloc_vars.o)
                              /home/jacob/devkitPro/devkitARM/bin/../lib/gcc/arm-none-eabi/4.7.1/../../../../arm-none-eabi/lib/thumb/gba_crt0.o (fake_heap_end)

Memory Configuration

Name             Origin             Length             Attributes
rom              0x0000000008000000 0x0000000002000000
iwram            0x0000000003000000 0x0000000000008000
ewram            0x0000000002000000 0x0000000000040000
*default*        0x0000000000000000 0xffffffffffffffff

Linker script and memory map

                0x0000000002000000                __text_start = ORIGIN (ewram)
                0x0000000002040000                __eheap_end = (ORIGIN (ewram) + 0x40000)
                0x0000000003000000                __iwram_start = ORIGIN (iwram)
                0x0000000003008000                __iwram_top = (ORIGIN (iwram) + 0x8000)
                0x0000000003007fa0                __sp_irq = (__iwram_top - 0x60)
                0x0000000003007f00                __sp_usr = (__sp_irq - 0xa0)
                0x0000000003007ff8                __irq_flags = 0x3007ff8
                0x0000000002000000                . = __text_start

.init           0x0000000002000000      0x21c
 *(.init)
 .init          0x0000000002000000      0x210 /home/jacob/devkitPro/devkitARM/bin/../lib/gcc/arm-none-eabi/4.7.1/../../../../arm-none-eabi/lib/thumb/gba_crt0.o
                0x0000000002000000                _start
                0x00000000020000c4                __boot_method
                0x00000000020000c5                __slave_number
                0x00000000020000e0                start_vector
 .init          0x0000000002000210        0x4 /home/jacob/devkitPro/devkitARM/bin/../lib/gcc/arm-none-eabi/4.7.1/thumb/crti.o
                0x0000000002000210                _init
 .init          0x0000000002000214        0x8 /home/jacob/devkitPro/devkitARM/bin/../lib/gcc/arm-none-eabi/4.7.1/thumb/crtn.o
                0x000000000200021c                . = ALIGN (0x4)

.plt            0x000000000200021c        0x0
 *(.plt)
                0x000000000200021c                . = ALIGN (0x4)

.text           0x000000000200021c      0x6d0
 *(EXCLUDE_FILE(*.iwram*) .text)
 .text          0x000000000200021c        0x0 /home/jacob/devkitPro/devkitARM/bin/../lib/gcc/arm-none-eabi/4.7.1/../../../../arm-none-eabi/lib/thumb/gba_crt0.o
 .text          0x000000000200021c        0x0 /home/jacob/devkitPro/devkitARM/bin/../lib/gcc/arm-none-eabi/4.7.1/thumb/crti.o
 .text          0x000000000200021c       0xd0 /home/jacob/devkitPro/devkitARM/bin/../lib/gcc/arm-none-eabi/4.7.1/thumb/crtbegin.o
 .text          0x00000000020002ec        0x0 gba_pic.o
 .text          0x00000000020002ec        0x0 key_input.o
 .text          0x00000000020002ec      0x1f8 video.o
                0x00000000020002ec                m3_fill
                0x0000000002000308                bmp16_line
                0x0000000002000420                bmp16_rect
                0x0000000002000470                bmp16_frame
 .text          0x00000000020004e4       0x54 /home/jacob/devkitPro/devkitARM/bin/../lib/gcc/arm-none-eabi/4.7.1/../../../../arm-none-eabi/lib/thumb/libg.a(lib_a-init.o)
                0x00000000020004e4                __libc_init_array
 .text          0x0000000002000538       0x90 /home/jacob/devkitPro/devkitARM/bin/../lib/gcc/arm-none-eabi/4.7.1/../../../../arm-none-eabi/lib/thumb/libg.a(lib_a-memcpy-stub.o)
                0x0000000002000538                memcpy
 .text          0x00000000020005c8        0x0 /home/jacob/devkitPro/devkitARM/bin/../lib/gcc/arm-none-eabi/4.7.1/../../../../arm-none-eabi/lib/thumb/libsysbase.a(malloc_vars.o)
 .text          0x00000000020005c8        0x0 /home/jacob/devkitPro/devkitARM/bin/../lib/gcc/arm-none-eabi/4.7.1/thumb/crtend.o
 .text          0x00000000020005c8        0x0 /home/jacob/devkitPro/devkitARM/bin/../lib/gcc/arm-none-eabi/4.7.1/thumb/crtn.o
 *(.text .stub .text.* .gnu.linkonce.t.*)
 .text.startup  0x00000000020005c8      0x324 key_input.o
                0x00000000020005c8                main
 *(.text.*personality*)
 *(.gnu.warning)
 *(.glue_7t)
 .glue_7t       0x0000000000000000        0x0 linker stubs
 *(.glue_7)
 .glue_7        0x0000000000000000        0x0 linker stubs
 *(.vfp11_veneer)
 .vfp11_veneer  0x0000000000000000        0x0 linker stubs
                0x00000000020008ec                . = ALIGN (0x4)
                0x00000000020008ec                __text_end = .

.v4_bx          0x00000000020008ec        0x0
 .v4_bx         0x0000000000000000        0x0 linker stubs

.iplt           0x00000000020008ec        0x0
 .iplt          0x0000000000000000        0x0 /home/jacob/devkitPro/devkitARM/bin/../lib/gcc/arm-none-eabi/4.7.1/../../../../arm-none-eabi/lib/thumb/gba_crt0.o

.fini           0x00000000020008ec        0xc
 *(.fini)
 .fini          0x00000000020008ec        0x4 /home/jacob/devkitPro/devkitARM/bin/../lib/gcc/arm-none-eabi/4.7.1/thumb/crti.o
                0x00000000020008ec                _fini
 .fini          0x00000000020008f0        0x8 /home/jacob/devkitPro/devkitARM/bin/../lib/gcc/arm-none-eabi/4.7.1/thumb/crtn.o
                0x00000000020008f8                . = ALIGN (0x4)

.rodata         0x00000000020008f8     0x9620
 *(.rodata)
 .rodata        0x00000000020008f8     0x9620 gba_pic.o
                0x00000000020008f8                gba_picBitmap
                0x0000000002009ef8                gba_picPal
 *all.rodata*(*)
 *(.roda)
 *(.rodata.*)
 *(.gnu.linkonce.r*)
                0x0000000002009f18                . = ALIGN (0x4)

.rel.dyn        0x0000000002009f18        0x0
 .rel.iplt      0x0000000000000000        0x0 /home/jacob/devkitPro/devkitARM/bin/../lib/gcc/arm-none-eabi/4.7.1/../../../../arm-none-eabi/lib/thumb/gba_crt0.o

.ARM.extab
 *(.ARM.extab* .gnu.linkonce.armextab.*)
                0x0000000002009f18                __exidx_start = .

.ARM.exidx
 *(.ARM.exidx* .gnu.linkonce.armexidx.*)
                0x0000000002009f18                __exidx_end = .
                0x0000000002009f18                . = ALIGN (0x4)
                0x0000000002009f18                PROVIDE (__preinit_array_start, .)

.preinit_array
 *(.preinit_array)
                0x0000000002009f18                PROVIDE (__preinit_array_end, .)
                0x0000000002009f18                PROVIDE (__init_array_start, .)

.init_array     0x0000000002009f18        0x4
 *(.init_array)
 .init_array    0x0000000002009f18        0x4 /home/jacob/devkitPro/devkitARM/bin/../lib/gcc/arm-none-eabi/4.7.1/thumb/crtbegin.o
                0x0000000002009f1c                PROVIDE (__init_array_end, .)
                0x0000000002009f1c                PROVIDE (__fini_array_start, .)

.fini_array     0x0000000002009f1c        0x4
 *(.fini_array)
 .fini_array    0x0000000002009f1c        0x4 /home/jacob/devkitPro/devkitARM/bin/../lib/gcc/arm-none-eabi/4.7.1/thumb/crtbegin.o
                0x0000000002009f20                PROVIDE (__fini_array_end, .)

.ctors          0x0000000002009f20        0x0
 *crtbegin.o(.ctors)
 *(EXCLUDE_FILE(*crtend.o) .ctors)
 *(SORT(.ctors.*))
 *(.ctors)
                0x0000000002009f20                . = ALIGN (0x4)

.dtors          0x0000000002009f20        0x0
 *crtbegin.o(.dtors)
 *(EXCLUDE_FILE(*crtend.o) .dtors)
 *(SORT(.dtors.*))
 *(.dtors)
                0x0000000002009f20                . = ALIGN (0x4)

.jcr            0x0000000002009f20        0x4
 *(.jcr)
 .jcr           0x0000000002009f20        0x0 /home/jacob/devkitPro/devkitARM/bin/../lib/gcc/arm-none-eabi/4.7.1/thumb/crtbegin.o
 .jcr           0x0000000002009f20        0x4 /home/jacob/devkitPro/devkitARM/bin/../lib/gcc/arm-none-eabi/4.7.1/thumb/crtend.o

.eh_frame       0x0000000002009f24        0x4
 *(.eh_frame)
 .eh_frame      0x0000000002009f24        0x0 /home/jacob/devkitPro/devkitARM/bin/../lib/gcc/arm-none-eabi/4.7.1/thumb/crtbegin.o
 .eh_frame      0x0000000002009f24        0x4 /home/jacob/devkitPro/devkitARM/bin/../lib/gcc/arm-none-eabi/4.7.1/thumb/crtend.o
                0x0000000002009f28                . = ALIGN (0x4)

.gcc_except_table
                0x0000000002009f28        0x0
 *(.gcc_except_table)
                0x0000000002009f28                . = ALIGN (0x4)
                0x0000000002009f28                __iwram_lma = .

.iwram          0x0000000003000000        0x0 load address 0x0000000002009f28
                0x0000000003000000                __iwram_start__ = ABSOLUTE (.)
 *(.iwram)
 *iwram.*(.text)
                0x0000000003000000                . = ALIGN (0x4)
                0x0000000003000000                __iwram_end__ = ABSOLUTE (.)
                0x0000000002009f28                __data_lma = (__iwram_lma + SIZEOF (.iwram))

.bss            0x0000000003000000       0x28
                0x0000000003000000                __bss_start__ = ABSOLUTE (.)
 *(.dynbss)
 *(.gnu.linkonce.b*)
 *(.bss*)
 .bss           0x0000000003000000        0x0 /home/jacob/devkitPro/devkitARM/bin/../lib/gcc/arm-none-eabi/4.7.1/../../../../arm-none-eabi/lib/thumb/gba_crt0.o
 .bss           0x0000000003000000        0x0 /home/jacob/devkitPro/devkitARM/bin/../lib/gcc/arm-none-eabi/4.7.1/thumb/crti.o
 .bss           0x0000000003000000       0x1c /home/jacob/devkitPro/devkitARM/bin/../lib/gcc/arm-none-eabi/4.7.1/thumb/crtbegin.o
 .bss           0x000000000300001c        0x0 gba_pic.o
 .bss           0x000000000300001c        0x4 key_input.o
                0x000000000300001c                __key_prev
                0x000000000300001e                __key_curr
 .bss           0x0000000003000020        0x0 video.o
 .bss           0x0000000003000020        0x0 /home/jacob/devkitPro/devkitARM/bin/../lib/gcc/arm-none-eabi/4.7.1/../../../../arm-none-eabi/lib/thumb/libg.a(lib_a-init.o)
 .bss           0x0000000003000020        0x0 /home/jacob/devkitPro/devkitARM/bin/../lib/gcc/arm-none-eabi/4.7.1/../../../../arm-none-eabi/lib/thumb/libg.a(lib_a-memcpy-stub.o)
 .bss           0x0000000003000020        0x8 /home/jacob/devkitPro/devkitARM/bin/../lib/gcc/arm-none-eabi/4.7.1/../../../../arm-none-eabi/lib/thumb/libsysbase.a(malloc_vars.o)
                0x0000000003000020                fake_heap_start
                0x0000000003000024                fake_heap_end
 .bss           0x0000000003000028        0x0 /home/jacob/devkitPro/devkitARM/bin/../lib/gcc/arm-none-eabi/4.7.1/thumb/crtend.o
 .bss           0x0000000003000028        0x0 /home/jacob/devkitPro/devkitARM/bin/../lib/gcc/arm-none-eabi/4.7.1/thumb/crtn.o
 *(COMMON)
                0x0000000003000028                . = ALIGN (0x4)
                0x0000000003000028                __bss_end__ = ABSOLUTE (.)

.data           0x0000000003000028        0x8 load address 0x0000000002009f28
                0x0000000003000028                __data_start__ = ABSOLUTE (.)
 *(.data)
 .data          0x0000000003000028        0x0 /home/jacob/devkitPro/devkitARM/bin/../lib/gcc/arm-none-eabi/4.7.1/../../../../arm-none-eabi/lib/thumb/gba_crt0.o
 .data          0x0000000003000028        0x0 /home/jacob/devkitPro/devkitARM/bin/../lib/gcc/arm-none-eabi/4.7.1/thumb/crti.o
 .data          0x0000000003000028        0x4 /home/jacob/devkitPro/devkitARM/bin/../lib/gcc/arm-none-eabi/4.7.1/thumb/crtbegin.o
                0x0000000003000028                __dso_handle
 .data          0x000000000300002c        0x0 gba_pic.o
 .data          0x000000000300002c        0x4 key_input.o
                0x000000000300002c                vid_page
 .data          0x0000000003000030        0x0 video.o
 .data          0x0000000003000030        0x0 /home/jacob/devkitPro/devkitARM/bin/../lib/gcc/arm-none-eabi/4.7.1/../../../../arm-none-eabi/lib/thumb/libg.a(lib_a-init.o)
 .data          0x0000000003000030        0x0 /home/jacob/devkitPro/devkitARM/bin/../lib/gcc/arm-none-eabi/4.7.1/../../../../arm-none-eabi/lib/thumb/libg.a(lib_a-memcpy-stub.o)
 .data          0x0000000003000030        0x0 /home/jacob/devkitPro/devkitARM/bin/../lib/gcc/arm-none-eabi/4.7.1/../../../../arm-none-eabi/lib/thumb/libsysbase.a(malloc_vars.o)
 .data          0x0000000003000030        0x0 /home/jacob/devkitPro/devkitARM/bin/../lib/gcc/arm-none-eabi/4.7.1/thumb/crtend.o
 .data          0x0000000003000030        0x0 /home/jacob/devkitPro/devkitARM/bin/../lib/gcc/arm-none-eabi/4.7.1/thumb/crtn.o
 *(.data.*)
 *(.gnu.linkonce.d*)
                0x0000000003000030                . = ALIGN (0x4)
                0x0000000003000030                __data_end__ = ABSOLUTE (.)
                0x0000000002009f30                __iwram_overlay_lma = (__data_lma + SIZEOF (.data))
                0x0000000003000030                PROVIDE (edata, .)
                0x0000000003000030                __iwram_overlay_start = .

.igot.plt       0x0000000003000030        0x0 load address 0x0000000002009f30
 .igot.plt      0x0000000000000000        0x0 /home/jacob/devkitPro/devkitARM/bin/../lib/gcc/arm-none-eabi/4.7.1/../../../../arm-none-eabi/lib/thumb/gba_crt0.o

.tm_clone_table
                0x0000000003000030        0x0 load address 0x0000000002009f30
 .tm_clone_table
                0x0000000003000030        0x0 /home/jacob/devkitPro/devkitARM/bin/../lib/gcc/arm-none-eabi/4.7.1/thumb/crtbegin.o
 .tm_clone_table
                0x0000000003000030        0x0 /home/jacob/devkitPro/devkitARM/bin/../lib/gcc/arm-none-eabi/4.7.1/thumb/crtend.o

.iwram0         0x0000000003000030        0x0 load address 0x0000000002009f30
 *(.iwram0)
                0x0000000003000030                . = ALIGN (0x4)
                0x0000000002009f30                PROVIDE (__load_start_iwram0, LOADADDR (.iwram0))
                0x0000000002009f30                PROVIDE (__load_stop_iwram0, (LOADADDR (.iwram0) + SIZEOF (.iwram0)))

.iwram1         0x0000000003000030        0x0
 *(.iwram1)
                0x0000000003000030                . = ALIGN (0x4)
                0x0000000003000030                PROVIDE (__load_start_iwram1, LOADADDR (.iwram1))
                0x0000000003000030                PROVIDE (__load_stop_iwram1, (LOADADDR (.iwram1) + SIZEOF (.iwram1)))

.iwram2         0x0000000003000030        0x0
 *(.iwram2)
                0x0000000003000030                . = ALIGN (0x4)
                0x0000000003000030                PROVIDE (__load_start_iwram2, LOADADDR (.iwram2))
                0x0000000003000030                PROVIDE (__load_stop_iwram2, (LOADADDR (.iwram2) + SIZEOF (.iwram2)))

.iwram3         0x0000000003000030        0x0
 *(.iwram3)
                0x0000000003000030                . = ALIGN (0x4)
                0x0000000003000030                PROVIDE (__load_start_iwram3, LOADADDR (.iwram3))
                0x0000000003000030                PROVIDE (__load_stop_iwram3, (LOADADDR (.iwram3) + SIZEOF (.iwram3)))

.iwram4         0x0000000003000030        0x0
 *(.iwram4)
                0x0000000003000030                . = ALIGN (0x4)
                0x0000000003000030                PROVIDE (__load_start_iwram4, LOADADDR (.iwram4))
                0x0000000003000030                PROVIDE (__load_stop_iwram4, (LOADADDR (.iwram4) + SIZEOF (.iwram4)))

.iwram5         0x0000000003000030        0x0
 *(.iwram5)
                0x0000000003000030                . = ALIGN (0x4)
                0x0000000003000030                PROVIDE (__load_start_iwram5, LOADADDR (.iwram5))
                0x0000000003000030                PROVIDE (__load_stop_iwram5, (LOADADDR (.iwram5) + SIZEOF (.iwram5)))

.iwram6         0x0000000003000030        0x0
 *(.iwram6)
                0x0000000003000030                . = ALIGN (0x4)
                0x0000000003000030                PROVIDE (__load_start_iwram6, LOADADDR (.iwram6))
                0x0000000003000030                PROVIDE (__load_stop_iwram6, (LOADADDR (.iwram6) + SIZEOF (.iwram6)))

.iwram7         0x0000000003000030        0x0
 *(.iwram7)
                0x0000000003000030                . = ALIGN (0x4)
                0x0000000003000030                PROVIDE (__load_start_iwram7, LOADADDR (.iwram7))
                0x0000000003000030                PROVIDE (__load_stop_iwram7, (LOADADDR (.iwram7) + SIZEOF (.iwram7)))

.iwram8         0x0000000003000030        0x0
 *(.iwram8)
                0x0000000003000030                . = ALIGN (0x4)
                0x0000000003000030                PROVIDE (__load_start_iwram8, LOADADDR (.iwram8))
                0x0000000003000030                PROVIDE (__load_stop_iwram8, (LOADADDR (.iwram8) + SIZEOF (.iwram8)))

.iwram9         0x0000000003000030        0x0
 *(.iwram9)
                0x0000000003000030                . = ALIGN (0x4)
                0x0000000003000030                PROVIDE (__load_start_iwram9, LOADADDR (.iwram9))
                0x0000000003000030                PROVIDE (__load_stop_iwram9, (LOADADDR (.iwram9) + SIZEOF (.iwram9)))
                0x0000000002009f30                __ewram_lma = ((((((((((LOADADDR (.iwram0) + SIZEOF (.iwram0)) + SIZEOF (.iwram1)) + SIZEOF (.iwram2)) + SIZEOF (.iwram3)) + SIZEOF (.iwram4)) + SIZEOF (.iwram5)) + SIZEOF (.iwram6)) + SIZEOF (.iwram7)) + SIZEOF (.iwram8)) + SIZEOF (.iwram9))
                0x0000000002009f30                __iwram_overlay_end = __ewram_lma
                0x0000000002009f30                __ewram_start = __ewram_lma

.ewram          0x0000000002009f30        0x0
 *(.ewram)
                0x0000000002009f30                . = ALIGN (0x4)
                0x0000000002009f30                __ewram_end = ABSOLUTE (.)
                0x0000000002009f30                __ewram_overlay_lma = (__ewram_lma + SIZEOF (.ewram))

.sbss           0x0000000002009f30        0x0
                0x0000000002009f30                __sbss_start__ = ABSOLUTE (.)
 *(.sbss)
                0x0000000002009f30                . = ALIGN (0x4)
                0x0000000002009f30                __sbss_end__ = ABSOLUTE (.)
                0x0000000002009f30                __end__ = ABSOLUTE (.)
                0x0000000002009f30                __eheap_start = ABSOLUTE (.)

.ewram0         0x0000000002009f30        0x0
 *(.ewram0)
                0x0000000002009f30                . = ALIGN (0x4)
                0x0000000002009f30                PROVIDE (__load_start_ewram0, LOADADDR (.ewram0))
                0x0000000002009f30                PROVIDE (__load_stop_ewram0, (LOADADDR (.ewram0) + SIZEOF (.ewram0)))

.ewram1         0x0000000002009f30        0x0
 *(.ewram1)
                0x0000000002009f30                . = ALIGN (0x4)
                0x0000000002009f30                PROVIDE (__load_start_ewram1, LOADADDR (.ewram1))
                0x0000000002009f30                PROVIDE (__load_stop_ewram1, (LOADADDR (.ewram1) + SIZEOF (.ewram1)))

.ewram2         0x0000000002009f30        0x0
 *(.ewram2)
                0x0000000002009f30                . = ALIGN (0x4)
                0x0000000002009f30                PROVIDE (__load_start_ewram2, LOADADDR (.ewram2))
                0x0000000002009f30                PROVIDE (__load_stop_ewram2, (LOADADDR (.ewram2) + SIZEOF (.ewram2)))

.ewram3         0x0000000002009f30        0x0
 *(.ewram3)
                0x0000000002009f30                . = ALIGN (0x4)
                0x0000000002009f30                PROVIDE (__load_start_ewram3, LOADADDR (.ewram3))
                0x0000000002009f30                PROVIDE (__load_stop_ewram3, (LOADADDR (.ewram3) + SIZEOF (.ewram3)))

.ewram4         0x0000000002009f30        0x0
 *(.ewram4)
                0x0000000002009f30                . = ALIGN (0x4)
                0x0000000002009f30                PROVIDE (__load_start_ewram4, LOADADDR (.ewram4))
                0x0000000002009f30                PROVIDE (__load_stop_ewram4, (LOADADDR (.ewram4) + SIZEOF (.ewram4)))

.ewram5         0x0000000002009f30        0x0
 *(.ewram5)
                0x0000000002009f30                . = ALIGN (0x4)
                0x0000000002009f30                PROVIDE (__load_start_ewram5, LOADADDR (.ewram5))
                0x0000000002009f30                PROVIDE (__load_stop_ewram5, (LOADADDR (.ewram5) + SIZEOF (.ewram5)))

.ewram6         0x0000000002009f30        0x0
 *(.ewram6)
                0x0000000002009f30                . = ALIGN (0x4)
                0x0000000002009f30                PROVIDE (__load_start_ewram6, LOADADDR (.ewram6))
                0x0000000002009f30                PROVIDE (__load_stop_ewram6, (LOADADDR (.ewram6) + SIZEOF (.ewram6)))

.ewram7         0x0000000002009f30        0x0
 *(.ewram7)
                0x0000000002009f30                . = ALIGN (0x4)
                0x0000000002009f30                PROVIDE (__load_start_ewram7, LOADADDR (.ewram7))
                0x0000000002009f30                PROVIDE (__load_stop_ewram7, (LOADADDR (.ewram7) + SIZEOF (.ewram7)))

.ewram8         0x0000000002009f30        0x0
 *(.ewram8)
                0x0000000002009f30                . = ALIGN (0x4)
                0x0000000002009f30                PROVIDE (__load_start_ewram8, LOADADDR (.ewram8))
                0x0000000002009f30                PROVIDE (__load_stop_ewram8, (LOADADDR (.ewram8) + SIZEOF (.ewram8)))

.ewram9         0x0000000002009f30        0x0
 *(.ewram9)
                0x0000000002009f30                . = ALIGN (0x4)
                0x0000000002009f30                PROVIDE (__load_start_ewram9, LOADADDR (.ewram9))
                0x0000000002009f30                PROVIDE (__load_stop_ewram9, (LOADADDR (.ewram9) + SIZEOF (.ewram9)))
                0x0000000002009f30                __ewram_overlay_end = ABSOLUTE (.)
                0x0000000002009f30                __eheap_start = __ewram_overlay_end
                0x0000000002009f30                _end = __ewram_overlay_end
                0x0000000002009f30                __end__ = __ewram_overlay_end
                0x0000000002009f30                __rom_end__ = __ewram_overlay_end

.stab
 *(.stab)

.stabstr
 *(.stabstr)

.stab.excl
 *(.stab.excl)

.stab.exclstr
 *(.stab.exclstr)

.stab.index
 *(.stab.index)

.stab.indexstr
 *(.stab.indexstr)

.comment        0x0000000000000000       0x22
 *(.comment)
 .comment       0x0000000000000000       0x22 /home/jacob/devkitPro/devkitARM/bin/../lib/gcc/arm-none-eabi/4.7.1/thumb/crtbegin.o
                                         0x23 (size before relaxing)
 .comment       0x0000000000000000       0x23 gba_pic.o
 .comment       0x0000000000000000       0x23 key_input.o
 .comment       0x0000000000000000       0x23 video.o
 .comment       0x0000000000000000       0x23 /home/jacob/devkitPro/devkitARM/bin/../lib/gcc/arm-none-eabi/4.7.1/../../../../arm-none-eabi/lib/thumb/libg.a(lib_a-init.o)
 .comment       0x0000000000000000       0x23 /home/jacob/devkitPro/devkitARM/bin/../lib/gcc/arm-none-eabi/4.7.1/../../../../arm-none-eabi/lib/thumb/libg.a(lib_a-memcpy-stub.o)
 .comment       0x0000000000000000       0x23 /home/jacob/devkitPro/devkitARM/bin/../lib/gcc/arm-none-eabi/4.7.1/../../../../arm-none-eabi/lib/thumb/libsysbase.a(malloc_vars.o)
 .comment       0x0000000000000000       0x23 /home/jacob/devkitPro/devkitARM/bin/../lib/gcc/arm-none-eabi/4.7.1/thumb/crtend.o

.ARM.attributes
                0x0000000000000000       0x2d
 .ARM.attributes
                0x0000000000000000       0x18 /home/jacob/devkitPro/devkitARM/bin/../lib/gcc/arm-none-eabi/4.7.1/../../../../arm-none-eabi/lib/thumb/gba_crt0.o
 .ARM.attributes
                0x0000000000000018       0x18 /home/jacob/devkitPro/devkitARM/bin/../lib/gcc/arm-none-eabi/4.7.1/thumb/crti.o
 .ARM.attributes
                0x0000000000000030       0x32 /home/jacob/devkitPro/devkitARM/bin/../lib/gcc/arm-none-eabi/4.7.1/thumb/crtbegin.o
 .ARM.attributes
                0x0000000000000062       0x2e gba_pic.o
 .ARM.attributes
                0x0000000000000090       0x2e key_input.o
 .ARM.attributes
                0x00000000000000be       0x2e video.o
 .ARM.attributes
                0x00000000000000ec       0x32 /home/jacob/devkitPro/devkitARM/bin/../lib/gcc/arm-none-eabi/4.7.1/../../../../arm-none-eabi/lib/thumb/libg.a(lib_a-init.o)
 .ARM.attributes
                0x000000000000011e       0x32 /home/jacob/devkitPro/devkitARM/bin/../lib/gcc/arm-none-eabi/4.7.1/../../../../arm-none-eabi/lib/thumb/libg.a(lib_a-memcpy-stub.o)
 .ARM.attributes
                0x0000000000000150       0x32 /home/jacob/devkitPro/devkitARM/bin/../lib/gcc/arm-none-eabi/4.7.1/../../../../arm-none-eabi/lib/thumb/libsysbase.a(malloc_vars.o)
 .ARM.attributes
                0x0000000000000182       0x32 /home/jacob/devkitPro/devkitARM/bin/../lib/gcc/arm-none-eabi/4.7.1/thumb/crtend.o
 .ARM.attributes
                0x00000000000001b4       0x18 /home/jacob/devkitPro/devkitARM/bin/../lib/gcc/arm-none-eabi/4.7.1/thumb/crtn.o

.debug
 *(.debug)

.line
 *(.line)

.debug_srcinfo
 *(.debug_srcinfo)

.debug_sfnames
 *(.debug_sfnames)

.debug_aranges  0x0000000000000000       0x58
 *(.debug_aranges)
 .debug_aranges
                0x0000000000000000       0x18 gba_pic.o
 .debug_aranges
                0x0000000000000018       0x20 key_input.o
 .debug_aranges
                0x0000000000000038       0x20 video.o

.debug_pubnames
 *(.debug_pubnames)

.debug_info     0x0000000000000000      0x7bf
 *(.debug_info)
 .debug_info    0x0000000000000000       0x77 gba_pic.o
 .debug_info    0x0000000000000077      0x350 key_input.o
 .debug_info    0x00000000000003c7      0x3f8 video.o

.debug_abbrev   0x0000000000000000      0x301
 *(.debug_abbrev)
 .debug_abbrev  0x0000000000000000       0x4c gba_pic.o
 .debug_abbrev  0x000000000000004c      0x1a4 key_input.o
 .debug_abbrev  0x00000000000001f0      0x111 video.o

.debug_line     0x0000000000000000      0x482
 *(.debug_line)
 .debug_line    0x0000000000000000       0x67 gba_pic.o
 .debug_line    0x0000000000000067      0x293 key_input.o
 .debug_line    0x00000000000002fa      0x188 video.o

.debug_frame    0x0000000000000000       0xcc
 *(.debug_frame)
 .debug_frame   0x0000000000000000       0x3c key_input.o
 .debug_frame   0x000000000000003c       0x90 video.o

.debug_str      0x0000000000000000      0x292
 *(.debug_str)
 .debug_str     0x0000000000000000       0x75 gba_pic.o
                                         0x82 (size before relaxing)
 .debug_str     0x0000000000000075      0x16d key_input.o
                                        0x1da (size before relaxing)
 .debug_str     0x00000000000001e2       0xb0 video.o
                                        0x12b (size before relaxing)

.debug_loc      0x0000000000000000      0xdad
 *(.debug_loc)
 .debug_loc     0x0000000000000000      0x6d1 key_input.o
 .debug_loc     0x00000000000006d1      0x6dc video.o

.debug_macinfo
 *(.debug_macinfo)

.debug_weaknames
 *(.debug_weaknames)

.debug_funcnames
 *(.debug_funcnames)

.debug_typenames
 *(.debug_typenames)

.debug_varnames
 *(.debug_varnames)

.stack          0x0000000000080000        0x0
                0x0000000000080000                _stack = .
 *(.stack)
LOAD /home/jacob/devkitPro/devkitARM/bin/../lib/gcc/arm-none-eabi/4.7.1/../../../../arm-none-eabi/lib/thumb/gba_crt0.o
LOAD /home/jacob/devkitPro/devkitARM/bin/../lib/gcc/arm-none-eabi/4.7.1/thumb/crti.o
LOAD /home/jacob/devkitPro/devkitARM/bin/../lib/gcc/arm-none-eabi/4.7.1/thumb/crtbegin.o
LOAD gba_pic.o
LOAD key_input.o
LOAD video.o
LOAD /home/jacob/devkitPro/libgba/lib/libgba.a
START GROUP
LOAD /home/jacob/devkitPro/devkitARM/bin/../lib/gcc/arm-none-eabi/4.7.1/thumb/libgcc.a
LOAD /home/jacob/devkitPro/devkitARM/bin/../lib/gcc/arm-none-eabi/4.7.1/../../../../arm-none-eabi/lib/thumb/libg.a
LOAD /home/jacob/devkitPro/devkitARM/bin/../lib/gcc/arm-none-eabi/4.7.1/../../../../arm-none-eabi/lib/thumb/libc.a
LOAD /home/jacob/devkitPro/devkitARM/bin/../lib/gcc/arm-none-eabi/4.7.1/../../../../arm-none-eabi/lib/thumb/libsysbase.a
END GROUP
LOAD /home/jacob/devkitPro/devkitARM/bin/../lib/gcc/arm-none-eabi/4.7.1/thumb/crtend.o
LOAD /home/jacob/devkitPro/devkitARM/bin/../lib/gcc/arm-none-eabi/4.7.1/thumb/crtn.o
OUTPUT(/home/jacob/Documents/code/gba_dev/rook_gba/key_input/key_input_mb.elf elf32-littlearm)

.debug_ranges   0x0000000000000000      0x148
 .debug_ranges  0x0000000000000000      0x148 key_input.o
